../MicroRos/Control/Software/Src/DSPlib.c:1396:9:RMS	16	static
../MicroRos/Control/Software/Src/DSPlib.c:1475:7:RMS_f	8	static
../MicroRos/Control/Software/Src/DSPlib.c:189:21:NBRF_calculate_coef	200	static
../MicroRos/Control/Software/Src/DSPlib.c:241:21:NBPF_calculate_coef	200	static
../MicroRos/Control/Software/Src/DSPlib.c:293:21:LowPassFilter_calculate_coef	168	static
../MicroRos/Control/Software/Src/DSPlib.c:347:21:HighPassFilter_calculate_coef	176	static
../MicroRos/Control/Software/Src/DSPlib.c:391:21:BandPassFilter_calculate_coef	656	static
../MicroRos/Control/Software/Src/DSPlib.c:437:21:BandRejectFilter_calculate_coef	656	static
../MicroRos/Control/Software/Src/DSPlib.c:473:21:Calculate_fil_coef	256	static
../MicroRos/Control/Software/Src/DSPlib.c:527:21:Merge_filters	160	static
../MicroRos/Control/Software/Src/DSPlib.c:594:7:Filter_sig	4	static
../MicroRos/Control/Software/Src/DSPlib.c:634:28:CBF2_calculate_coeff	288	static
../MicroRos/Control/Software/Src/DSPlib.c:696:28:CBFn_calculate_coeff	568	static
../MicroRos/Control/Software/Src/DSPlib.c:752:13:CheckOrder	16	static
../MicroRos/Control/Software/Src/DSPlib.c:917:9:PID_calculate	40	static
../MicroRos/Control/Software/Src/DSPlib.c:1010:14:Star_to_Triangle	40	static
../MicroRos/Control/Software/Src/DSPlib.c:1054:10:Triangle_to_Star	40	static
../MicroRos/Control/Software/Src/DSPlib.c:1098:15:Direct_Park_Transform	96	static
../MicroRos/Control/Software/Src/DSPlib.c:1139:16:Reverse_Park_Transform	96	static
../MicroRos/Control/Software/Src/DSPlib.c:1168:15:Direct_Clarke_Transform	72	static
../MicroRos/Control/Software/Src/DSPlib.c:1199:16:Reverse_Clarke_Transform	72	static
../MicroRos/Control/Software/Src/DSPlib.c:1234:9:Rolling_Avg	32	static
../MicroRos/Control/Software/Src/DSPlib.c:1282:7:Rolling_Avg_f	32	static
../MicroRos/Control/Software/Src/DSPlib.c:1356:6:Rolling_Avg_rst_err	24	static
../MicroRos/Control/Software/Src/DSPlib.c:1435:6:RMS_rst_err	24	static
../MicroRos/Control/Software/Src/DSPlib.c:1530:6:RMS_f_rst_err	32	static
../MicroRos/Control/Software/Src/DSPlib.c:1554:9:Sine_RMS	16	static
../MicroRos/Control/Software/Src/DSPlib.c:1620:9:Rate_Limiter	24	static
