D:/Projects/Eurobot2026/Program/H723_Eurobot/Eurobot/MicroRos/Control/Hardware/Inc/motor_driver_ZLAC8015D.h:191:30:short unsigned int crc16(const unsigned char*, short unsigned int)	24	static
../MicroRos/Control/Hardware/Src/motor_driver_ZLAC8015D.cpp:17:1:ZLAC8015D::ZLAC8015D()	16	static
../MicroRos/Control/Hardware/Src/motor_driver_ZLAC8015D.cpp:46:6:void ZLAC8015D::motors_init(bool, bool, UART_HandleTypeDef*, GPIO_TypeDef*, uint16_t)	24	static
../MicroRos/Control/Hardware/Src/motor_driver_ZLAC8015D.cpp:61:6:void ZLAC8015D::encoders_init(float, uint16_t, TIM_HandleTypeDef*)	24	static
../MicroRos/Control/Hardware/Src/motor_driver_ZLAC8015D.cpp:88:6:void ZLAC8015D::encoders_init_it(float, uint16_t, TIM_HandleTypeDef*, uint32_t)	40	static
../MicroRos/Control/Hardware/Src/motor_driver_ZLAC8015D.cpp:127:6:void ZLAC8015D::encoders_init_driver()	16	static
../MicroRos/Control/Hardware/Src/motor_driver_ZLAC8015D.cpp:131:6:void ZLAC8015D::enable()	16	static
../MicroRos/Control/Hardware/Src/motor_driver_ZLAC8015D.cpp:146:6:void ZLAC8015D::spin(int16_t, int16_t)	16	static
../MicroRos/Control/Hardware/Src/motor_driver_ZLAC8015D.cpp:171:6:void ZLAC8015D::stop()	16	static
../MicroRos/Control/Hardware/Src/motor_driver_ZLAC8015D.cpp:187:7:float ZLAC8015D::get_rpm(float)	32	static
../MicroRos/Control/Hardware/Src/motor_driver_ZLAC8015D.cpp:207:7:float ZLAC8015D::get_rpm_it()	24	static
../MicroRos/Control/Hardware/Src/motor_driver_ZLAC8015D.cpp:218:6:void ZLAC8015D::rpm_capture_it(TIM_HandleTypeDef*)	24	static
../MicroRos/Control/Hardware/Src/motor_driver_ZLAC8015D.cpp:228:6:void ZLAC8015D::get_rpm_driver(float*, float*)	24	static
../MicroRos/Control/Hardware/Src/motor_driver_ZLAC8015D.cpp:253:6:void ZLAC8015D::calculate_crc(uint16_t)	24	static
