../MicroRos/Control/Hardware/Src/optic_odom_PAA5160E1.c:16:19:OTOS_Init	16	static
../MicroRos/Control/Hardware/Src/optic_odom_PAA5160E1.c:29:19:OTOS_IsAlive	16	static
../MicroRos/Control/Hardware/Src/optic_odom_PAA5160E1.c:38:26:OTOS_ReadRaw6	48	static
../MicroRos/Control/Hardware/Src/optic_odom_PAA5160E1.c:72:19:OTOS_ResetTracking	40	static
../MicroRos/Control/Hardware/Src/optic_odom_PAA5160E1.c:91:19:OTOS_ReadPose	32	static
../MicroRos/Control/Hardware/Src/optic_odom_PAA5160E1.c:108:19:OTOS_ReadVelocity	32	static
../MicroRos/Control/Hardware/Src/optic_odom_PAA5160E1.c:125:19:OTOS_ReadAcceleration	32	static
../MicroRos/Control/Hardware/Src/optic_odom_PAA5160E1.c:144:19:OTOS_ReadStdDevPosition	32	static
../MicroRos/Control/Hardware/Src/optic_odom_PAA5160E1.c:161:19:OTOS_ReadStdDevVelocity	32	static
../MicroRos/Control/Hardware/Src/optic_odom_PAA5160E1.c:178:19:OTOS_ReadStdDevAcceleration	32	static
../MicroRos/Control/Hardware/Src/optic_odom_PAA5160E1.c:197:19:OTOS_CalibrateIMU	40	static
../MicroRos/Control/Hardware/Src/optic_odom_PAA5160E1.c:244:19:OTOS_StartCalibration	32	static
../MicroRos/Control/Hardware/Src/optic_odom_PAA5160E1.c:259:19:OTOS_IsCalibrationDone	40	static
